// Jest Snapshot v1, https://goo.gl/fbAQLP

exports[`Header renders Header Component renders correctly 1`] = `
<ContextProvider
  value={
    Object {
      "store": Object {
        "clearActions": [Function],
        "dispatch": [Function],
        "getActions": [Function],
        "getState": [Function],
        "replaceReducer": [Function],
        "subscribe": [Function],
      },
      "storeState": Object {},
    }
  }
>
  <BrowserRouter>
    <Connect(Header) />
  </BrowserRouter>
</ContextProvider>
`;
