// Jest Snapshot v1, https://goo.gl/fbAQLP

exports[`Login renders correctly Login renders correctly 1`] = `
<ContextProvider
  value={
    Object {
      "store": Object {
        "clearActions": [Function],
        "dispatch": [Function],
        "getActions": [Function],
        "getState": [Function],
        "replaceReducer": [Function],
        "subscribe": [Function],
      },
      "storeState": Object {
        "auth": "abc",
        "wishlist": Array [],
      },
    }
  }
>
  <BrowserRouter>
    <Connect(withRouter(Login))
      auth="abc"
    />
  </BrowserRouter>
</ContextProvider>
`;
